{
    "resourceType": "Bundle",
    "type": "transaction",
    "meta": {
       "lastUpdated": "1970-01-01T00:00:00.000Z",
       "source": "https://fred-ca431.web.app/"
    },
    "entry": [
       {
          "fullUrl": "PlanDefinition/v4-uuid-1",
          "request": {
             "method": "PUT",
             "url": "PlanDefinition/v4-uuid-1"
          },
          "resource": {
             "id": "v4-uuid-1",
             "meta": {
                "profile": [
                   "http://hl7.org/fhir/uv/cpg/StructureDefinition/cpg-computableplandefinition"
                ]
             },
             "url": "http://fhir.org/guides/author/PlanDefinition/PlanDefinition-cpgname1",
             "version": "1.0.0",
             "name": "PlanDefinition-cpgname1",
             "title": null,
             "type": {},
             "status": null,
             "experimental": true,
             "publisher": "author",
             "description": null,
             "action": [
                {
                   "title": null,
                   "description": null,
                   "condition": [
                      {
                         "kind": null,
                         "expression": {
                            "language": null,
                            "expression": null
                         }
                      }
                   ],
                   "definitionCanonical": "http://fhir.org/guides/author/ActivityDefinition/ActivityDefinition-cpgname2"
                }
             ],
             "resourceType": "PlanDefinition"
          }
       },
       {
          "fullUrl": "ActivityDefinition/v4-uuid-2",
          "request": {
             "method": "PUT",
             "url": "ActivityDefinition/v4-uuid-2"
          },
          "resource": {
             "id": "v4-uuid-2",
             "meta": {
                "profile": [
                   "http://hl7.org/fhir/uv/cpg/StructureDefinition/cpg-computableactivity"
                ]
             },
             "extension": [
                {
                   "url": "http://hl7.org/fhir/uv/cpg/StructureDefinition/cpg-knowledgeCapability"
                }
             ],
             "url": "http://fhir.org/guides/author/ActivityDefinition/ActivityDefinition-cpgname2",
             "version": "1.0.0",
             "name": "ActivityDefinition-cpgname2",
             "title": null,
             "status": null,
             "experimental": true,
             "publisher": "author",
             "description": null,
             "kind": null,
             "resourceType": "ActivityDefinition"
          }
       }
    ]
 }